main.c:129:6:HAL_ADC_ConvCpltCallback	24	static
main.c:149:5:main	40	static
main.c:429:6:SystemClock_Config	96	static
main.c:476:13:MX_ADC1_Init	24	static
main.c:553:13:MX_I2C1_Init	8	static
main.c:587:13:MX_TIM1_Init	80	static
main.c:652:13:MX_TIM3_Init	48	static
main.c:701:13:MX_TIM6_Init	16	static
main.c:739:13:MX_TIM7_Init	16	static
main.c:775:13:MX_DMA_Init	16	static
main.c:793:13:MX_GPIO_Init	40	static
main.c:868:10:StrToInt	40	static
main.c:887:7:StrToFloat	48	static
main.c:918:9:StrCmp	24	static
main.c:931:6:AllOff	8	static
main.c:940:6:DioOn	16	static
main.c:963:6:DioOff	16	static
main.c:991:6:RelOn	16	static
main.c:1008:6:RelOff	16	static
main.c:1029:6:ConvertData	24	static
main.c:1058:6:sampleCurrent	16	static
main.c:1075:6:Error_Handler	4	static
